../Core/Src/main.c:111:6:HAL_TIM_PeriodElapsedCallback	40	static
../Core/Src/main.c:169:6:HAL_FDCAN_RxFifo0Callback	24	static
../Core/Src/main.c:189:6:FDCAN_RxSettings	40	static
../Core/Src/main.c:219:6:FDCAN_TxSettings	4	static
../Core/Src/main.c:231:5:_write	24	static
../Core/Src/main.c:245:5:main	32	static
../Core/Src/main.c:311:6:SystemClock_Config	88	static
../Core/Src/main.c:358:13:MX_FDCAN3_Init	8	static
../Core/Src/main.c:401:13:MX_TIM6_Init	24	static
../Core/Src/main.c:439:13:MX_TIM7_Init	24	static
../Core/Src/main.c:477:13:MX_USART2_UART_Init	8	static
../Core/Src/main.c:525:13:MX_GPIO_Init	16	static
../Core/Src/main.c:546:6:Error_Handler	8	static,ignoring_inline_asm
