../Core/Src/main.c:109:6:HAL_TIM_PeriodElapsedCallback	40	static
../Core/Src/main.c:162:6:HAL_FDCAN_RxFifo0Callback	24	static
../Core/Src/main.c:182:6:FDCAN_RxSettings	40	static
../Core/Src/main.c:212:6:FDCAN_TxSettings	4	static
../Core/Src/main.c:224:5:_write	24	static
../Core/Src/main.c:238:5:main	32	static
../Core/Src/main.c:302:6:SystemClock_Config	88	static
../Core/Src/main.c:349:13:MX_FDCAN3_Init	8	static
../Core/Src/main.c:392:13:MX_TIM6_Init	24	static
../Core/Src/main.c:430:13:MX_USART2_UART_Init	8	static
../Core/Src/main.c:478:13:MX_GPIO_Init	16	static
../Core/Src/main.c:499:6:Error_Handler	8	static,ignoring_inline_asm
